[2026-05-17T21:41:47.466+0200] {executor_loader.py:258} INFO - Loaded executor: SequentialExecutor
[2026-05-17T21:41:47.604+0200] {scheduler_job_runner.py:950} INFO - Starting the scheduler
[2026-05-17T21:41:47.610+0200] {scheduler_job_runner.py:957} INFO - Processing each file at most -1 times
[2026-05-17T21:41:47.646+0200] {manager.py:174} INFO - Launched DagFileProcessorManager with pid: 36256
[2026-05-17T21:41:47.651+0200] {scheduler_job_runner.py:1949} INFO - Adopting or resetting orphaned tasks for active dag runs
[2026-05-17T21:41:47.666+0200] {settings.py:63} INFO - Configured default timezone UTC
[2026-05-17T21:41:47.818+0200] {manager.py:406} WARNING - Because we cannot use more than 1 thread (parsing_processes = 2) when using sqlite. So we set parallelism to 1.
[2026-05-17T21:41:56.059+0200] {scheduler_job_runner.py:435} INFO - 1 tasks up for execution:
	<TaskInstance: daily_scan.task_run_etl __airflow_temporary_run_2026-05-17T19:41:55.086646+00:00__ [scheduled]>
[2026-05-17T21:41:56.060+0200] {scheduler_job_runner.py:507} INFO - DAG daily_scan has 0/16 running and queued tasks
[2026-05-17T21:41:56.061+0200] {scheduler_job_runner.py:646} INFO - Setting the following tasks to queued state:
	<TaskInstance: daily_scan.task_run_etl __airflow_temporary_run_2026-05-17T19:41:55.086646+00:00__ [scheduled]>
[2026-05-17T21:41:56.068+0200] {scheduler_job_runner.py:748} INFO - Trying to enqueue tasks: [<TaskInstance: daily_scan.task_run_etl __airflow_temporary_run_2026-05-17T19:41:55.086646+00:00__ [scheduled]>] for executor: SequentialExecutor(parallelism=32)
[2026-05-17T21:41:56.069+0200] {scheduler_job_runner.py:692} INFO - Sending TaskInstanceKey(dag_id='daily_scan', task_id='task_run_etl', run_id='__airflow_temporary_run_2026-05-17T19:41:55.086646+00:00__', try_number=1, map_index=-1) to SequentialExecutor with priority 1 and queue default
[2026-05-17T21:41:56.070+0200] {base_executor.py:169} INFO - Adding to queue: ['airflow', 'tasks', 'run', 'daily_scan', 'task_run_etl', '__airflow_temporary_run_2026-05-17T19:41:55.086646+00:00__', '--local', '--subdir', 'DAGS_FOLDER/dag_task_etl.py']
[2026-05-17T21:41:56.074+0200] {sequential_executor.py:84} INFO - Executing command: ['airflow', 'tasks', 'run', 'daily_scan', 'task_run_etl', '__airflow_temporary_run_2026-05-17T19:41:55.086646+00:00__', '--local', '--subdir', 'DAGS_FOLDER/dag_task_etl.py']
[2026-05-17T21:41:58.015+0200] {dagbag.py:588} INFO - Filling up the DagBag from /home/jean/Documents/Dev/blent/BlentDataProject/airflow_home/dags/dag_task_etl.py
[2026-05-17T21:41:58.146+0200] {task_command.py:467} INFO - Running <TaskInstance: daily_scan.task_run_etl __airflow_temporary_run_2026-05-17T19:41:55.086646+00:00__ [queued]> on host LAPTOP-HP
[2026-05-17T21:42:05.553+0200] {scheduler_job_runner.py:776} INFO - Received executor event with state success for task instance TaskInstanceKey(dag_id='daily_scan', task_id='task_run_etl', run_id='__airflow_temporary_run_2026-05-17T19:41:55.086646+00:00__', try_number=1, map_index=-1)
[2026-05-17T21:46:47.801+0200] {scheduler_job_runner.py:1949} INFO - Adopting or resetting orphaned tasks for active dag runs
[2026-05-17T21:51:47.878+0200] {scheduler_job_runner.py:1949} INFO - Adopting or resetting orphaned tasks for active dag runs
[2026-05-17T21:56:47.916+0200] {scheduler_job_runner.py:1949} INFO - Adopting or resetting orphaned tasks for active dag runs
[2026-05-17T22:01:47.981+0200] {scheduler_job_runner.py:1949} INFO - Adopting or resetting orphaned tasks for active dag runs
[2026-05-17T22:06:48.021+0200] {scheduler_job_runner.py:1949} INFO - Adopting or resetting orphaned tasks for active dag runs
[2026-05-17T22:11:48.082+0200] {scheduler_job_runner.py:1949} INFO - Adopting or resetting orphaned tasks for active dag runs
